[jthemes.net/themes/html/bolby/demo/index-2-dark.html]
[backblue.gif]
[fade.gif]
[index.html]
[jthemes.net/themes/html/bolby/demo/images/favicon.png]
[jthemes.net/themes/html/bolby/demo/css/bootstrap.min.css]
[jthemes.net/themes/html/bolby/demo/css/all.min.css]
[jthemes.net/themes/html/bolby/demo/css/simple-line-icons.css]
[jthemes.net/themes/html/bolby/demo/css/slick.css]
[jthemes.net/themes/html/bolby/demo/css/animate.css]
[jthemes.net/themes/html/bolby/demo/css/magnific-popup.css]
[jthemes.net/themes/html/bolby/demo/css/style.css]
[jthemes.net/themes/html/bolby/demo/works-2.html]
[jthemes.net/themes/html/bolby/demo/js/jquery-1.12.3.min.js]
[jthemes.net/themes/html/bolby/demo/js/jquery.easing.min.js]
[jthemes.net/themes/html/bolby/demo/js/jquery.waypoints.min.js]
[jthemes.net/themes/html/bolby/demo/js/jquery.counterup.min.js]
[jthemes.net/themes/html/bolby/demo/js/popper.min.js]
[jthemes.net/themes/html/bolby/demo/js/bootstrap.min.js]
[jthemes.net/themes/html/bolby/demo/js/isotope.pkgd.min.js]
[jthemes.net/themes/html/bolby/demo/js/infinite-scroll.min.js]
[jthemes.net/themes/html/bolby/demo/js/imagesloaded.pkgd.min.js]
[jthemes.net/themes/html/bolby/demo/js/slick.min.js]
[jthemes.net/themes/html/bolby/demo/js/contact.js]
[jthemes.net/themes/html/bolby/demo/js/validator.js]
[jthemes.net/themes/html/bolby/demo/js/wow.min.js]
[jthemes.net/themes/html/bolby/demo/js/morphext.min.js]
[jthemes.net/themes/html/bolby/demo/js/parallax.min.js]
[jthemes.net/themes/html/bolby/demo/js/jquery.magnific-popup.min.js]
[jthemes.net/themes/html/bolby/demo/index-2-dark.html]
[jthemes.net/themes/html/bolby/demo/css/bootstrap.min.css]
[jthemes.net/themes/html/bolby/demo/js/custom.js]
[jthemes.net/themes/html/bolby/demo/webfonts/fa-brands-400.eot]
[jthemes.net/themes/html/bolby/demo/webfonts/fa-brands-400d41d.eot]
[jthemes.net/themes/html/bolby/demo/webfonts/fa-brands-400.woff]
[jthemes.net/themes/html/bolby/demo/webfonts/fa-brands-400.ttf]
[jthemes.net/themes/html/bolby/demo/webfonts/fa-regular-400.eot]
[jthemes.net/themes/html/bolby/demo/webfonts/fa-regular-400d41d.eot]
[jthemes.net/themes/html/bolby/demo/webfonts/fa-regular-400.woff]
[jthemes.net/themes/html/bolby/demo/webfonts/fa-regular-400.ttf]
[jthemes.net/themes/html/bolby/demo/webfonts/fa-solid-900.eot]
[jthemes.net/themes/html/bolby/demo/webfonts/fa-solid-900d41d.eot]
[jthemes.net/themes/html/bolby/demo/webfonts/fa-solid-900.woff]
[jthemes.net/themes/html/bolby/demo/webfonts/fa-solid-900.ttf]
[jthemes.net/themes/html/bolby/demo/css/all.min.css]
[jthemes.net/themes/html/bolby/demo/fonts/Simple-Line-Iconsb26c.eot]
[jthemes.net/themes/html/bolby/demo/fonts/Simple-Line-Iconsb26c.ttf]
[jthemes.net/themes/html/bolby/demo/fonts/Simple-Line-Iconsb26c.woff]
[jthemes.net/themes/html/bolby/demo/css/simple-line-icons.css]
[jthemes.net/themes/html/bolby/demo/images/ajax-loader.gif]
[jthemes.net/themes/html/bolby/demo/fonts/slick.eot]
[jthemes.net/themes/html/bolby/demo/fonts/slickd41d.eot]
[jthemes.net/themes/html/bolby/demo/fonts/slick.woff]
[jthemes.net/themes/html/bolby/demo/fonts/slick.ttf]
[jthemes.net/themes/html/bolby/demo/css/slick.css]
[jthemes.net/themes/html/bolby/demo/css/animate.css]
[jthemes.net/themes/html/bolby/demo/css/magnific-popup.css]
[jthemes.net/themes/html/bolby/demo/images/map-light.png]
[jthemes.net/themes/html/bolby/demo/css/style.css]
[jthemes.net/themes/html/bolby/demo/images/logo.svg]
[jthemes.net/themes/html/bolby/demo/images/logo-b-light.svg]
[jthemes.net/themes/html/bolby/demo/images/avatar-1.svg]
[jthemes.net/themes/html/bolby/demo/images/avatar-2.svg]
[jthemes.net/themes/html/bolby/demo/images/service-1.svg]
[jthemes.net/themes/html/bolby/demo/images/service-2.svg]
[jthemes.net/themes/html/bolby/demo/images/service-3.svg]
[jthemes.net/themes/html/bolby/demo/images/works/1.svg]
[jthemes.net/themes/html/bolby/demo/images/works/2.svg]
[jthemes.net/themes/html/bolby/demo/images/single-work.svg]
[jthemes.net/themes/html/bolby/demo/images/works/3.svg]
[jthemes.net/themes/html/bolby/demo/images/works/4.svg]
[jthemes.net/themes/html/bolby/demo/images/works/5.svg]
[jthemes.net/themes/html/bolby/demo/images/works/6.svg]
[jthemes.net/themes/html/bolby/demo/works-2.html]
[jthemes.net/themes/html/bolby/demo/images/price-1.svg]
[jthemes.net/themes/html/bolby/demo/images/price-2.svg]
[jthemes.net/themes/html/bolby/demo/images/price-3.svg]
[jthemes.net/themes/html/bolby/demo/images/avatar-3.svg]
[jthemes.net/themes/html/bolby/demo/images/client-1-light.svg]
[jthemes.net/themes/html/bolby/demo/images/client-2-light.svg]
[jthemes.net/themes/html/bolby/demo/images/client-3-light.svg]
[jthemes.net/themes/html/bolby/demo/images/client-4-light.svg]
[jthemes.net/themes/html/bolby/demo/images/client-5-light.svg]
[jthemes.net/themes/html/bolby/demo/images/client-6-light.svg]
[jthemes.net/themes/html/bolby/demo/images/client-7-light.svg]
[jthemes.net/themes/html/bolby/demo/images/client-8-light.svg]
[jthemes.net/themes/html/bolby/demo/images/blog/1.svg]
[jthemes.net/themes/html/bolby/demo/images/blog/2.svg]
[jthemes.net/themes/html/bolby/demo/images/blog/3.svg]
[jthemes.net/themes/html/bolby/demo/webfonts/fa-brands-400.html]
[jthemes.net/themes/html/bolby/demo/webfonts/fa-brands-400.svg]
[jthemes.net/themes/html/bolby/demo/webfonts/fa-regular-400.html]
[jthemes.net/themes/html/bolby/demo/webfonts/fa-regular-400.svg]
[jthemes.net/themes/html/bolby/demo/webfonts/fa-solid-900.html]
[jthemes.net/themes/html/bolby/demo/webfonts/fa-solid-900.svg]
[jthemes.net/themes/html/bolby/demo/fonts/Simple-Line-Iconsb26c.html]
[jthemes.net/themes/html/bolby/demo/fonts/Simple-Line-Iconsb26c.svg]
[jthemes.net/themes/html/bolby/demo/fonts/slick.svg]
[jthemes.net/themes/html/bolby/demo/images/dots-bg.svg]
[jthemes.net/themes/html/bolby/demo/images/map.svg]
[jthemes.net/themes/html/bolby/demo/images/dots-bg-light.svg]
